---
source: tui/src/history_cell.rs
expression: rendered
---
╭───────────────────────────────────────╮
│ >_ OpenAI Ava (vtest)               │
│                                       │
│ model:       gpt-5   /model to change │
│ directory:   /tmp/project             │
│ permissions: YOLO mode                │
╰───────────────────────────────────────╯
